// Jest Snapshot v1, https://goo.gl/fbAQLP

exports[`<App /> should match snapshot <App /> 1`] = `
<div
  className="App"
>
  <div
    className="Header"
  >
    <div
      className="logoBox"
    >
      <i
        className="fas fa-smog"
      />
    </div>
    <h1
      className="appHeading"
    >
      Fore-Weather Â 
      <span
        className="subHeading"
      >
        5 day weather forecast for Mumbai
      </span>
    </h1>
  </div>
  <div
    className="container"
  >
    <div
      className="loading"
    >
      Gathering weather data... 
      <i
        className="fas fa-cog"
      />
    </div>
  </div>
</div>
`;
